<!DOCTYPE html>
<html>

<head>
    <title>solsort.com</title>
    <meta http-equiv="Content-Type" content="text/html;charset=UTF-8">
    <meta http-equiv="X-UA-Compatible" content="IE=edge,chrome=1">
    <meta name="viewport" content="width=device-width, initial-scale=1.0">
    <meta name="format-detection" content="telephone=no">
    <link href=/style.css rel=stylesheet>
    <style id=style></style>
</head>

<body>
    <div style="text-align:center;">
        <div style="margin:32px 0 64px 0;font-size:16px;"><img src="/icons/solsort.png" style="height:64px;width:64px;">
            <div><span style="font-size:150%;"> solsort.com </span>ApS</div>
            <div>Open Source • Agile • Full Stack • ClojureScript</div>
            <div style="font-size:300%;margin:0.5ex 0 1ex 0;">HTML5 Apps &amp; Backend</div>
            <div>kontakt: Rasmus Erik Voel Jensen
                <br>+45 60703081 hej@solsort.com</div>
        </div>
        <div style="text-align:center;">
            <div>
                <a href="/rasmuserik.html" style="width:100px;height:100px;margin:8px;display:inline-block;text-align:left;border-radius:50px;box-shadow:0px 0px 2px #000, 3px 3px 10px rgba(0,0,0,0.4);"><img src="/icons/rasmus-erik-voel-jensen" style="width:100px;height:100px;background-color:#fff;position:absolute;margin:0;padding:0;border-radius:50px;">
                    <div style="color:black;border-radius:50px;text-shadow:2px 2px 10px #fff, 2px -2px 10px #fff, -2px 2px 10px #fff, -2px -2px 10px #fff;width:100px;font-weight:bold;text-align:center;display:inline-block;position:absolute;line-height:100px;font-size:16px;background-color:rgba(255,255,255,0.3);height:100px;"><span style="display:inline-block;vertical-align:middle;width:100px;line-height:normal;z-index:10;">Rasmus Erik Voel Jensen</span></div>
                </a>
                <a href="/blog/" style="width:100px;height:100px;margin:8px;display:inline-block;text-align:left;border-radius:50px;box-shadow:0px 0px 2px #000, 3px 3px 10px rgba(0,0,0,0.4);"><img src="/icons/blog" style="width:100px;height:100px;background-color:#fff;position:absolute;margin:0;padding:0;border-radius:50px;">
                    <div style="color:black;border-radius:50px;text-shadow:2px 2px 10px #fff, 2px -2px 10px #fff, -2px 2px 10px #fff, -2px -2px 10px #fff;width:100px;font-weight:bold;text-align:center;display:inline-block;position:absolute;line-height:100px;font-size:16px;background-color:rgba(255,255,255,0.3);height:100px;"><span style="display:inline-block;vertical-align:middle;width:100px;line-height:normal;z-index:10;">Blog</span></div>
                </a>
                <a href="/bibdata/" style="width:100px;height:100px;margin:8px;display:inline-block;text-align:left;border-radius:50px;box-shadow:0px 0px 2px #000, 3px 3px 10px rgba(0,0,0,0.4);"><img src="/icons/bibdata" style="width:100px;height:100px;background-color:#fff;position:absolute;margin:0;padding:0;border-radius:50px;">
                    <div style="color:black;border-radius:50px;text-shadow:2px 2px 10px #fff, 2px -2px 10px #fff, -2px 2px 10px #fff, -2px -2px 10px #fff;width:100px;font-weight:bold;text-align:center;display:inline-block;position:absolute;line-height:100px;font-size:16px;background-color:rgba(255,255,255,0.3);height:100px;"><span style="display:inline-block;vertical-align:middle;width:100px;line-height:normal;z-index:10;">BibData</span></div>
                </a>
                <a href="/notes/barefoot-tango" style="width:100px;height:100px;margin:8px;display:inline-block;text-align:left;border-radius:50px;box-shadow:0px 0px 2px #000, 3px 3px 10px rgba(0,0,0,0.4);"><img src="/icons/barefoot-tango" style="width:100px;height:100px;background-color:#fff;position:absolute;margin:0;padding:0;border-radius:50px;">
                    <div style="color:black;border-radius:50px;text-shadow:2px 2px 10px #fff, 2px -2px 10px #fff, -2px 2px 10px #fff, -2px -2px 10px #fff;width:100px;font-weight:bold;text-align:center;display:inline-block;position:absolute;line-height:100px;font-size:16px;background-color:rgba(255,255,255,0.3);height:100px;"><span style="display:inline-block;vertical-align:middle;width:100px;line-height:normal;z-index:10;">Barefoot Tango</span></div>
                </a>
                <a href="/#repeat-record/10" style="width:100px;height:100px;margin:8px;display:inline-block;text-align:left;border-radius:50px;box-shadow:0px 0px 2px #000, 3px 3px 10px rgba(0,0,0,0.4);"><img src="/icons/repeat-record" style="width:100px;height:100px;background-color:#fff;position:absolute;margin:0;padding:0;border-radius:50px;">
                    <div style="color:black;border-radius:50px;text-shadow:2px 2px 10px #fff, 2px -2px 10px #fff, -2px 2px 10px #fff, -2px -2px 10px #fff;width:100px;font-weight:bold;text-align:center;display:inline-block;position:absolute;line-height:100px;font-size:16px;background-color:rgba(255,255,255,0.3);height:100px;"><span style="display:inline-block;vertical-align:middle;width:100px;line-height:normal;z-index:10;">Repeat record</span></div>
                </a>
                <a href="/visualisering-af-relationer/compare.html#relvis/cir870970-basis:05625351" style="width:100px;height:100px;margin:8px;display:inline-block;text-align:left;border-radius:50px;box-shadow:0px 0px 2px #000, 3px 3px 10px rgba(0,0,0,0.4);"><img src="/icons/anbefalings-webservice" style="width:100px;height:100px;background-color:#fff;position:absolute;margin:0;padding:0;border-radius:50px;">
                    <div style="color:black;border-radius:50px;text-shadow:2px 2px 10px #fff, 2px -2px 10px #fff, -2px 2px 10px #fff, -2px -2px 10px #fff;width:100px;font-weight:bold;text-align:center;display:inline-block;position:absolute;line-height:100px;font-size:16px;background-color:rgba(255,255,255,0.3);height:100px;"><span style="display:inline-block;vertical-align:middle;width:100px;line-height:normal;z-index:10;">Anbefalings-webservice</span></div>
                </a>
                <a href="https://vejlebib.dk/search/ting/musik#relvis/str870971-tsart:71029824,870971-tsart:71829375,870970-basis:49295642,870970-basis:07872992,870971-tsart:34418616,870970-basis:23454963,870970-basis:00117250,870971-tsart:73914493,870971-tsart:70501198,870971-tsart:70357151,870971-tsart:73443911,870970-basis:05385210,870970-basis:25722027,870970-basis:20269545,870970-basis:28902700,870970-basis:28799918,870971-tsart:33801262,870971-tsart:73950031,870970-basis:23292637,870970-basis:20826592,870970-basis:04971914,870970-basis:28799950,870970-basis:28799942,870970-basis:28205899,870970-basis:26386896,870970-basis:23702630,870970-basis:51445481,870970-basis:26747953,870971-tsart:87018148,870971-tsart:35714006i" style="width:100px;height:100px;margin:8px;display:inline-block;text-align:left;border-radius:50px;box-shadow:0px 0px 2px #000, 3px 3px 10px rgba(0,0,0,0.4);"><img src="/icons/visualisering-af-relationer" style="width:100px;height:100px;background-color:#fff;position:absolute;margin:0;padding:0;border-radius:50px;">
                    <div style="color:black;border-radius:50px;text-shadow:2px 2px 10px #fff, 2px -2px 10px #fff, -2px 2px 10px #fff, -2px -2px 10px #fff;width:100px;font-weight:bold;text-align:center;display:inline-block;position:absolute;line-height:100px;font-size:16px;background-color:rgba(255,255,255,0.3);height:100px;"><span style="display:inline-block;vertical-align:middle;width:100px;line-height:normal;z-index:10;">Visualisering af relationer</span></div>
                </a>
                <a href="/sketch-note-draw/" style="width:100px;height:100px;margin:8px;display:inline-block;text-align:left;border-radius:50px;box-shadow:0px 0px 2px #000, 3px 3px 10px rgba(0,0,0,0.4);"><img src="/icons/sketch-note-draw" style="width:100px;height:100px;background-color:#fff;position:absolute;margin:0;padding:0;border-radius:50px;">
                    <div style="color:black;border-radius:50px;text-shadow:2px 2px 10px #fff, 2px -2px 10px #fff, -2px 2px 10px #fff, -2px -2px 10px #fff;width:100px;font-weight:bold;text-align:center;display:inline-block;position:absolute;line-height:100px;font-size:16px;background-color:rgba(255,255,255,0.3);height:100px;"><span style="display:inline-block;vertical-align:middle;width:100px;line-height:normal;z-index:10;">Sketch note draw</span></div>
                </a>
                <a href="/frie-sange/" style="width:100px;height:100px;margin:8px;display:inline-block;text-align:left;border-radius:50px;box-shadow:0px 0px 2px #000, 3px 3px 10px rgba(0,0,0,0.4);"><img src="/icons/frie-b-rnesange" style="width:100px;height:100px;background-color:#fff;position:absolute;margin:0;padding:0;border-radius:50px;">
                    <div style="color:black;border-radius:50px;text-shadow:2px 2px 10px #fff, 2px -2px 10px #fff, -2px 2px 10px #fff, -2px -2px 10px #fff;width:100px;font-weight:bold;text-align:center;display:inline-block;position:absolute;line-height:100px;font-size:16px;background-color:rgba(255,255,255,0.3);height:100px;"><span style="display:inline-block;vertical-align:middle;width:100px;line-height:normal;z-index:10;">Frie Børnesange</span></div>
                </a>
                <a href="/morse-code/" style="width:100px;height:100px;margin:8px;display:inline-block;text-align:left;border-radius:50px;box-shadow:0px 0px 2px #000, 3px 3px 10px rgba(0,0,0,0.4);"><img src="/icons/learn-morse-code" style="width:100px;height:100px;background-color:#fff;position:absolute;margin:0;padding:0;border-radius:50px;">
                    <div style="color:black;border-radius:50px;text-shadow:2px 2px 10px #fff, 2px -2px 10px #fff, -2px 2px 10px #fff, -2px -2px 10px #fff;width:100px;font-weight:bold;text-align:center;display:inline-block;position:absolute;line-height:100px;font-size:16px;background-color:rgba(255,255,255,0.3);height:100px;"><span style="display:inline-block;vertical-align:middle;width:100px;line-height:normal;z-index:10;">Learn morse code</span></div>
                </a>
                <a href="/single-touch-snake/" style="width:100px;height:100px;margin:8px;display:inline-block;text-align:left;border-radius:50px;box-shadow:0px 0px 2px #000, 3px 3px 10px rgba(0,0,0,0.4);"><img src="/icons/single-touch-snake" style="width:100px;height:100px;background-color:#fff;position:absolute;margin:0;padding:0;border-radius:50px;">
                    <div style="color:black;border-radius:50px;text-shadow:2px 2px 10px #fff, 2px -2px 10px #fff, -2px 2px 10px #fff, -2px -2px 10px #fff;width:100px;font-weight:bold;text-align:center;display:inline-block;position:absolute;line-height:100px;font-size:16px;background-color:rgba(255,255,255,0.3);height:100px;"><span style="display:inline-block;vertical-align:middle;width:100px;line-height:normal;z-index:10;">Single touch snake</span></div>
                </a>
                <a href="/kbh-parking/" style="width:100px;height:100px;margin:8px;display:inline-block;text-align:left;border-radius:50px;box-shadow:0px 0px 2px #000, 3px 3px 10px rgba(0,0,0,0.4);"><img src="/icons/parkering-i-k-benhavn" style="width:100px;height:100px;background-color:#fff;position:absolute;margin:0;padding:0;border-radius:50px;">
                    <div style="color:black;border-radius:50px;text-shadow:2px 2px 10px #fff, 2px -2px 10px #fff, -2px 2px 10px #fff, -2px -2px 10px #fff;width:100px;font-weight:bold;text-align:center;display:inline-block;position:absolute;line-height:100px;font-size:16px;background-color:rgba(255,255,255,0.3);height:100px;"><span style="display:inline-block;vertical-align:middle;width:100px;line-height:normal;z-index:10;">Parkering i København</span></div>
                </a>
                <a href="/360/test.html" style="width:100px;height:100px;margin:8px;display:inline-block;text-align:left;border-radius:50px;box-shadow:0px 0px 2px #000, 3px 3px 10px rgba(0,0,0,0.4);"><img src="/icons/360-viewer" style="width:100px;height:100px;background-color:#fff;position:absolute;margin:0;padding:0;border-radius:50px;">
                    <div style="color:black;border-radius:50px;text-shadow:2px 2px 10px #fff, 2px -2px 10px #fff, -2px 2px 10px #fff, -2px -2px 10px #fff;width:100px;font-weight:bold;text-align:center;display:inline-block;position:absolute;line-height:100px;font-size:16px;background-color:rgba(255,255,255,0.3);height:100px;"><span style="display:inline-block;vertical-align:middle;width:100px;line-height:normal;z-index:10;">360º Viewer</span></div>
                </a>
                <a href="http://ssl.solsort.com:8080/" style="width:100px;height:100px;margin:8px;display:inline-block;text-align:left;border-radius:50px;box-shadow:0px 0px 2px #000, 3px 3px 10px rgba(0,0,0,0.4);"><img src="/icons/backend-for-ucc-organismen" style="width:100px;height:100px;background-color:#fff;position:absolute;margin:0;padding:0;border-radius:50px;">
                    <div style="color:black;border-radius:50px;text-shadow:2px 2px 10px #fff, 2px -2px 10px #fff, -2px 2px 10px #fff, -2px -2px 10px #fff;width:100px;font-weight:bold;text-align:center;display:inline-block;position:absolute;line-height:100px;font-size:16px;background-color:rgba(255,255,255,0.3);height:100px;"><span style="display:inline-block;vertical-align:middle;width:100px;line-height:normal;z-index:10;">Backend for UCC-organismen</span></div>
                </a>
                <a href="/slides/bibtekkonf2013-bibgraph" style="width:100px;height:100px;margin:8px;display:inline-block;text-align:left;border-radius:50px;box-shadow:0px 0px 2px #000, 3px 3px 10px rgba(0,0,0,0.4);"><img src="/icons/bibtekkonf-slides" style="width:100px;height:100px;background-color:#fff;position:absolute;margin:0;padding:0;border-radius:50px;">
                    <div style="color:black;border-radius:50px;text-shadow:2px 2px 10px #fff, 2px -2px 10px #fff, -2px 2px 10px #fff, -2px -2px 10px #fff;width:100px;font-weight:bold;text-align:center;display:inline-block;position:absolute;line-height:100px;font-size:16px;background-color:rgba(255,255,255,0.3);height:100px;"><span style="display:inline-block;vertical-align:middle;width:100px;line-height:normal;z-index:10;">BibTekKonf Slides</span></div>
                </a>
                <a href="/hack4dk/quiz/" style="width:100px;height:100px;margin:8px;display:inline-block;text-align:left;border-radius:50px;box-shadow:0px 0px 2px #000, 3px 3px 10px rgba(0,0,0,0.4);"><img src="/icons/art-quiz" style="width:100px;height:100px;background-color:#fff;position:absolute;margin:0;padding:0;border-radius:50px;">
                    <div style="color:black;border-radius:50px;text-shadow:2px 2px 10px #fff, 2px -2px 10px #fff, -2px 2px 10px #fff, -2px -2px 10px #fff;width:100px;font-weight:bold;text-align:center;display:inline-block;position:absolute;line-height:100px;font-size:16px;background-color:rgba(255,255,255,0.3);height:100px;"><span style="display:inline-block;vertical-align:middle;width:100px;line-height:normal;z-index:10;">Art quiz</span></div>
                </a>
                <a href="/slides/cphjs2013-summer-hacks" style="width:100px;height:100px;margin:8px;display:inline-block;text-align:left;border-radius:50px;box-shadow:0px 0px 2px #000, 3px 3px 10px rgba(0,0,0,0.4);"><img src="/icons/summer-hacks-slides" style="width:100px;height:100px;background-color:#fff;position:absolute;margin:0;padding:0;border-radius:50px;">
                    <div style="color:black;border-radius:50px;text-shadow:2px 2px 10px #fff, 2px -2px 10px #fff, -2px 2px 10px #fff, -2px -2px 10px #fff;width:100px;font-weight:bold;text-align:center;display:inline-block;position:absolute;line-height:100px;font-size:16px;background-color:rgba(255,255,255,0.3);height:100px;"><span style="display:inline-block;vertical-align:middle;width:100px;line-height:normal;z-index:10;">Summer Hacks Slides</span></div>
                </a>
                <a href="http://labs.dbc.dk/bibgraph" style="width:100px;height:100px;margin:8px;display:inline-block;text-align:left;border-radius:50px;box-shadow:0px 0px 2px #000, 3px 3px 10px rgba(0,0,0,0.4);"><img src="/icons/bibgraph" style="width:100px;height:100px;background-color:#fff;position:absolute;margin:0;padding:0;border-radius:50px;">
                    <div style="color:black;border-radius:50px;text-shadow:2px 2px 10px #fff, 2px -2px 10px #fff, -2px 2px 10px #fff, -2px -2px 10px #fff;width:100px;font-weight:bold;text-align:center;display:inline-block;position:absolute;line-height:100px;font-size:16px;background-color:rgba(255,255,255,0.3);height:100px;"><span style="display:inline-block;vertical-align:middle;width:100px;line-height:normal;z-index:10;">BibGraph</span></div>
                </a>
                <a href="/slides/talk-html5-2013/cnug2013-slides.html" style="width:100px;height:100px;margin:8px;display:inline-block;text-align:left;border-radius:50px;box-shadow:0px 0px 2px #000, 3px 3px 10px rgba(0,0,0,0.4);"><img src="/icons/html5-developer-perspective-slides" style="width:100px;height:100px;background-color:#fff;position:absolute;margin:0;padding:0;border-radius:50px;">
                    <div style="color:black;border-radius:50px;text-shadow:2px 2px 10px #fff, 2px -2px 10px #fff, -2px 2px 10px #fff, -2px -2px 10px #fff;width:100px;font-weight:bold;text-align:center;display:inline-block;position:absolute;line-height:100px;font-size:16px;background-color:rgba(255,255,255,0.3);height:100px;"><span style="display:inline-block;vertical-align:middle;width:100px;line-height:normal;z-index:10;">HTML5 Developer Perspective Slides</span></div>
                </a>
                <a href="http://speeding.solsort.com/" style="width:100px;height:100px;margin:8px;display:inline-block;text-align:left;border-radius:50px;box-shadow:0px 0px 2px #000, 3px 3px 10px rgba(0,0,0,0.4);"><img src="/icons/speeding-visualisation" style="width:100px;height:100px;background-color:#fff;position:absolute;margin:0;padding:0;border-radius:50px;">
                    <div style="color:black;border-radius:50px;text-shadow:2px 2px 10px #fff, 2px -2px 10px #fff, -2px 2px 10px #fff, -2px -2px 10px #fff;width:100px;font-weight:bold;text-align:center;display:inline-block;position:absolute;line-height:100px;font-size:16px;background-color:rgba(255,255,255,0.3);height:100px;"><span style="display:inline-block;vertical-align:middle;width:100px;line-height:normal;z-index:10;">Speeding visualisation</span></div>
                </a>
                <a href="http://dragimation.solsort.com" style="width:100px;height:100px;margin:8px;display:inline-block;text-align:left;border-radius:50px;box-shadow:0px 0px 2px #000, 3px 3px 10px rgba(0,0,0,0.4);"><img src="/icons/dragimation" style="width:100px;height:100px;background-color:#fff;position:absolute;margin:0;padding:0;border-radius:50px;">
                    <div style="color:black;border-radius:50px;text-shadow:2px 2px 10px #fff, 2px -2px 10px #fff, -2px 2px 10px #fff, -2px -2px 10px #fff;width:100px;font-weight:bold;text-align:center;display:inline-block;position:absolute;line-height:100px;font-size:16px;background-color:rgba(255,255,255,0.3);height:100px;"><span style="display:inline-block;vertical-align:middle;width:100px;line-height:normal;z-index:10;">Dragimation</span></div>
                </a>
                <a href="/notes/pricing-scale" style="width:100px;height:100px;margin:8px;display:inline-block;text-align:left;border-radius:50px;box-shadow:0px 0px 2px #000, 3px 3px 10px rgba(0,0,0,0.4);"><img src="/icons/pricing-scale" style="width:100px;height:100px;background-color:#fff;position:absolute;margin:0;padding:0;border-radius:50px;">
                    <div style="color:black;border-radius:50px;text-shadow:2px 2px 10px #fff, 2px -2px 10px #fff, -2px 2px 10px #fff, -2px -2px 10px #fff;width:100px;font-weight:bold;text-align:center;display:inline-block;position:absolute;line-height:100px;font-size:16px;background-color:rgba(255,255,255,0.3);height:100px;"><span style="display:inline-block;vertical-align:middle;width:100px;line-height:normal;z-index:10;">Pricing scale</span></div>
                </a>
                <a href="/tsartnoc/" style="width:100px;height:100px;margin:8px;display:inline-block;text-align:left;border-radius:50px;box-shadow:0px 0px 2px #000, 3px 3px 10px rgba(0,0,0,0.4);"><img src="/icons/tsar-tnoc" style="width:100px;height:100px;background-color:#fff;position:absolute;margin:0;padding:0;border-radius:50px;">
                    <div style="color:black;border-radius:50px;text-shadow:2px 2px 10px #fff, 2px -2px 10px #fff, -2px 2px 10px #fff, -2px -2px 10px #fff;width:100px;font-weight:bold;text-align:center;display:inline-block;position:absolute;line-height:100px;font-size:16px;background-color:rgba(255,255,255,0.3);height:100px;"><span style="display:inline-block;vertical-align:middle;width:100px;line-height:normal;z-index:10;">Tsar Tnoc</span></div>
                </a>
                <a href="https://www.thegamecrafter.com/games/EuroCards" style="width:100px;height:100px;margin:8px;display:inline-block;text-align:left;border-radius:50px;box-shadow:0px 0px 2px #000, 3px 3px 10px rgba(0,0,0,0.4);"><img src="/icons/eurocards" style="width:100px;height:100px;background-color:#fff;position:absolute;margin:0;padding:0;border-radius:50px;">
                    <div style="color:black;border-radius:50px;text-shadow:2px 2px 10px #fff, 2px -2px 10px #fff, -2px 2px 10px #fff, -2px -2px 10px #fff;width:100px;font-weight:bold;text-align:center;display:inline-block;position:absolute;line-height:100px;font-size:16px;background-color:rgba(255,255,255,0.3);height:100px;"><span style="display:inline-block;vertical-align:middle;width:100px;line-height:normal;z-index:10;">EuroCards</span></div>
                </a>
                <a href="/blobshot/" style="width:100px;height:100px;margin:8px;display:inline-block;text-align:left;border-radius:50px;box-shadow:0px 0px 2px #000, 3px 3px 10px rgba(0,0,0,0.4);"><img src="/icons/blobshot" style="width:100px;height:100px;background-color:#fff;position:absolute;margin:0;padding:0;border-radius:50px;">
                    <div style="color:black;border-radius:50px;text-shadow:2px 2px 10px #fff, 2px -2px 10px #fff, -2px 2px 10px #fff, -2px -2px 10px #fff;width:100px;font-weight:bold;text-align:center;display:inline-block;position:absolute;line-height:100px;font-size:16px;background-color:rgba(255,255,255,0.3);height:100px;"><span style="display:inline-block;vertical-align:middle;width:100px;line-height:normal;z-index:10;">BlobShot</span></div>
                </a>
                <a href="http://old.solsort.com/#combigame" style="width:100px;height:100px;margin:8px;display:inline-block;text-align:left;border-radius:50px;box-shadow:0px 0px 2px #000, 3px 3px 10px rgba(0,0,0,0.4);"><img src="/icons/combigame" style="width:100px;height:100px;background-color:#fff;position:absolute;margin:0;padding:0;border-radius:50px;">
                    <div style="color:black;border-radius:50px;text-shadow:2px 2px 10px #fff, 2px -2px 10px #fff, -2px 2px 10px #fff, -2px -2px 10px #fff;width:100px;font-weight:bold;text-align:center;display:inline-block;position:absolute;line-height:100px;font-size:16px;background-color:rgba(255,255,255,0.3);height:100px;"><span style="display:inline-block;vertical-align:middle;width:100px;line-height:normal;z-index:10;">CombiGame</span></div>
                </a>
                <a href="/notes/presentation-evaluation" style="width:100px;height:100px;margin:8px;display:inline-block;text-align:left;border-radius:50px;box-shadow:0px 0px 2px #000, 3px 3px 10px rgba(0,0,0,0.4);"><img src="/icons/presentation-evaluation-notes" style="width:100px;height:100px;background-color:#fff;position:absolute;margin:0;padding:0;border-radius:50px;">
                    <div style="color:black;border-radius:50px;text-shadow:2px 2px 10px #fff, 2px -2px 10px #fff, -2px 2px 10px #fff, -2px -2px 10px #fff;width:100px;font-weight:bold;text-align:center;display:inline-block;position:absolute;line-height:100px;font-size:16px;background-color:rgba(255,255,255,0.3);height:100px;"><span style="display:inline-block;vertical-align:middle;width:100px;line-height:normal;z-index:10;">Presentation evaluation notes</span></div>
                </a>
                <a href="http://solsort.com/danske-byer" style="width:100px;height:100px;margin:8px;display:inline-block;text-align:left;border-radius:50px;box-shadow:0px 0px 2px #000, 3px 3px 10px rgba(0,0,0,0.4);"><img src="/icons/danske-byer" style="width:100px;height:100px;background-color:#fff;position:absolute;margin:0;padding:0;border-radius:50px;">
                    <div style="color:black;border-radius:50px;text-shadow:2px 2px 10px #fff, 2px -2px 10px #fff, -2px 2px 10px #fff, -2px -2px 10px #fff;width:100px;font-weight:bold;text-align:center;display:inline-block;position:absolute;line-height:100px;font-size:16px;background-color:rgba(255,255,255,0.3);height:100px;"><span style="display:inline-block;vertical-align:middle;width:100px;line-height:normal;z-index:10;">Danske Byer</span></div>
                </a>
                <a href="http://solsort.com/cute-engine" style="width:100px;height:100px;margin:8px;display:inline-block;text-align:left;border-radius:50px;box-shadow:0px 0px 2px #000, 3px 3px 10px rgba(0,0,0,0.4);"><img src="/icons/cuteengine" style="width:100px;height:100px;background-color:#fff;position:absolute;margin:0;padding:0;border-radius:50px;">
                    <div style="color:black;border-radius:50px;text-shadow:2px 2px 10px #fff, 2px -2px 10px #fff, -2px 2px 10px #fff, -2px -2px 10px #fff;width:100px;font-weight:bold;text-align:center;display:inline-block;position:absolute;line-height:100px;font-size:16px;background-color:rgba(255,255,255,0.3);height:100px;"><span style="display:inline-block;vertical-align:middle;width:100px;line-height:normal;z-index:10;">CuteEngine</span></div>
                </a>
            </div>
        </div>
    </div>
    <script src="/solsort.js"></script>
    <script type="text/javascript">
        var _paq = _paq || [];
        _paq.push(["setCookieDomain", "*.solsort.com"]);
        _paq.push(["setDomains", ["*.solsort.com"]]);
        _paq.push(['trackPageView']);
        _paq.push(['enableLinkTracking']);
        (function() {
            var u = "/piwik/";
            _paq.push(['setTrackerUrl', u + 'piwik.php']);
            _paq.push(['setSiteId', 1]);
            var d = document,
                g = d.createElement('script'),
                s = d.getElementsByTagName('script')[0];
            g.type = 'text/javascript';
            g.async = true;
            g.defer = true;
            g.src = u + 'piwik.js';
            s.parentNode.insertBefore(g, s);
        })();
    </script>
    <noscript>
        <p><img src="/piwik/piwik.php?idsite=1" style="border:0;" alt="" /></p>
    </noscript>
</body>

</html>