<!DOCTYPE html>
<html>

<head>
    <title>Rasmus Erik - solsort.com</title>
    <meta http-equiv="Content-Type" content="text/html;charset=UTF-8">
    <meta http-equiv="X-UA-Compatible" content="IE=edge,chrome=1">
    <meta name="viewport" content="width=device-width, initial-scale=1.0">
    <meta name="format-detection" content="telephone=no">
    <link href=/style.css rel=stylesheet>
    <style id=style>
        h1 {
            font-weight: normal;
            margin-top: 0px
        }
        
        h2 {
            font-size: 12px;
            font-weight: normal;
            text-align: left
        }
    </style>
</head>

<body>
    <div style="text-align:center;">
        <div style="display:inline-block;max-width:720px;text-align:center;font-size:16px;margin-top:80px;margin-bottom:80px;"><img src="/icons/rasmus-erik-voel-jensen" style="height:160px;width:160px;border-radius:16px;vertical-align:middle;margin-right:20px;margin-left:20px;box-shadow:0px 0px 2px #000;">
            <div style="display:inline-block;vertical-align:middle;text-align:center;margin:4px;margin-right:20px;margin-left:20px;">
                <h1 style="margin-bottom:10px;">Rasmus Erik Voel Jensen</h1>
                <div style="font-size:100%;"><a href="/" style="font-size:130%;margin-bottom:10px;">solsort.com</a> ApS
                    <br>
                    <br>Tingskrivervej 21, 3tv   2400 København NV
                    <br>+45 60703081   hej@solsort.com</div>
            </div>
        </div>
        <div>
            <div style="display:inline-block;width:320px;vertical-align:top;text-align:left;">
                <h1>Professional</h1>
                <h2>Current</h2>
                <ul style="min-height:130px;">
                    <li>Write <a href="//github.com/rasmuserik">open source code</a>, focus on HTML5 Apps in ClojureScript</li>
                    <li>Design and create solutions in collaboration with non-technical stakeholders</li>
                    <li>Run <a href="//solsort.com">my own company</a>, with all the aspects of that</li>
                </ul>
                <h2>Experience</h2>
                <div style="margin-bottom:60px;">Work as developer and project manager • Conference talks • Taught/created university level courses • Master degree in Computer Science</div>
            </div>
            <div style="display:inline-block;width:320px;vertical-align:top;text-align:left;">
                <h1>Personal</h1>
                <h2>Current</h2>
                <ul style="min-height:130px;">
                    <li>Fatherhood - I am the father of a wonderful 3 year old boy</li>
                    <li><a href="http://www.swingshoes.dk/kalender-swingarrangementer/">Lindy Hop</a>, <a href="http://ci-cph.dk">Contact Impro</a>, Argentinsk Tango, Kizomba, Salsa, Yoga</li>
                    <li><a href="http://junto.dk">Junto</a>, <a href="http://tinkuy.dk">Tinkuy</a>, Rollespil(D&amp;D3.5), Bicycle, Vegetarian</li>
                </ul>
                <h2>Experience</h2>
                <div style="margin-bottom:60px;">Toastmasters • photography • kbhff • mythology/religion/mysticism/energy • events • nature • massage • couchsurfing • music/jam • mensa • højskole</div>
            </div>
        </div>
        <div style="font-size:12px;">I very rarely use social media (linkedin/facebook/twitter/...) so catch me in real life instead :)
            <br>Updated Summer 2015</div>
    </div>
    <script src="/solsort.js"></script>
    <script type="text/javascript">
        var _paq = _paq || [];
        _paq.push(["setCookieDomain", "*.solsort.com"]);
        _paq.push(["setDomains", ["*.solsort.com"]]);
        _paq.push(['trackPageView']);
        _paq.push(['enableLinkTracking']);
        (function() {
            var u = "/piwik/";
            _paq.push(['setTrackerUrl', u + 'piwik.php']);
            _paq.push(['setSiteId', 1]);
            var d = document,
                g = d.createElement('script'),
                s = d.getElementsByTagName('script')[0];
            g.type = 'text/javascript';
            g.async = true;
            g.defer = true;
            g.src = u + 'piwik.js';
            s.parentNode.insertBefore(g, s);
        })();
    </script>
    <noscript>
        <p><img src="/piwik/piwik.php?idsite=1" style="border:0;" alt="" /></p>
    </noscript>
</body>

</html>